[INFO] Scanning for projects...
[INFO] 
[INFO] ------------------------< cl.islabeic:sigu_ucn >------------------------
[INFO] Building Archetype - sigu_ucn 1.0-SNAPSHOT
[INFO]   from pom.xml
[INFO] --------------------------------[ jar ]---------------------------------
[INFO] 
[INFO] --- jte:3.2.3:generate (jte-generate) @ sigu_ucn ---
[INFO] Generating jte templates found in /home/claudio/Escritorio/desktop/Talleres/IGSO/sigu_ucn/src/main/resources/jte
[INFO] Successfully generated 4 jte files in 0s to /home/claudio/Escritorio/desktop/Talleres/IGSO/sigu_ucn/target/generated-sources/jte
[INFO] 
[INFO] --- resources:3.4.0:resources (default-resources) @ sigu_ucn ---
[INFO] Copying 9 resources from src/main/resources to target/classes
[INFO] 
[INFO] --- compiler:3.14.0:compile (default-compile) @ sigu_ucn ---
[INFO] Recompiling the module because of changed source code.
[INFO] Compiling 32 source files with javac [debug target 21] to target/classes
[INFO] 
[INFO] --- exec:3.6.3:java (default-cli) @ sigu_ucn ---
[WARNING] 
java.lang.ClassNotFoundException: cl.ucn.app.main.Main
    at org.codehaus.mojo.exec.URLClassLoaderBuilder$ExecJavaClassLoader.loadClass (URLClassLoaderBuilder.java:211)
    at java.lang.ClassLoader.loadClass (ClassLoader.java:526)
    at org.codehaus.mojo.exec.AbstractExecJavaBase.doExecClassLoader (AbstractExecJavaBase.java:376)
    at org.codehaus.mojo.exec.AbstractExecJavaBase.lambda$execute$0 (AbstractExecJavaBase.java:287)
    at java.lang.Thread.run (Thread.java:1583)
[INFO] ------------------------------------------------------------------------
[INFO] BUILD FAILURE
[INFO] ------------------------------------------------------------------------
[INFO] Total time:  1.496 s
[INFO] Finished at: 2026-06-08T10:29:43-04:00
[INFO] ------------------------------------------------------------------------
[ERROR] Failed to execute goal org.codehaus.mojo:exec-maven-plugin:3.6.3:java (default-cli) on project sigu_ucn: An exception occurred while executing the Java class. cl.ucn.app.main.Main -> [Help 1]
[ERROR] 
[ERROR] To see the full stack trace of the errors, re-run Maven with the -e switch.
[ERROR] Re-run Maven using the -X switch to enable full debug logging.
[ERROR] 
[ERROR] For more information about the errors and possible solutions, please read the following articles:
[ERROR] [Help 1] http://cwiki.apache.org/confluence/display/MAVEN/MojoExecutionException
